// Jest Snapshot v1, https://goo.gl/fbAQLP

exports[`snapshot of fontsize 1`] = `
{
  "base": "base",
  "lg": "lg",
  "sm": "sm",
  "xl": "xl",
  "xs": "xs",
}
`;
